ARG	.	XLM
AUS	.	XOC
BGD	.	XSA
BRA	.	BRA
BRN	.	XSA
CAN	.	CAN
CHN	.	CHN
HKG	.	CHN
IDN	.	XSE
IND	.	IND
JPN	.	JPN
KOR	.	XSE
LKA	.	XSA
MEX	.	XLM
MYS	.	XSE
NZL	.	XOC
PAK	.	XSA
PHL	.	XSE
RUS	.	CIS
SGP	.	XSE
THA	.	XSE
TUR	.	TUR
USA	.	USA
VNM	.	XSE
XSS	.	XAF
KEN	.	XAF
DZA	.	XNF
EGY	.	XNF
LBY	.	XNF
MAR	.	XNF
SDN	.	XAF
TUN	.	XNF
CIV	.	XAF
NGA	.	XAF
KAZ	.	CIS
XCS	.	CIS
UZB	.	CIS
XE10	.	XE25
CZE	.	XE25
HUN	.	XE25
POL	.	XE25
SVK	.	XE25
XBT	.	XE25
SVN	.	XE25
DNK	.	XE25
FIN	.	XE25
IRL	.	XE25
SWE	.	XE25
GBR	.	XE25
GRC	.	XE25
ITA	.	XE25
PRT	.	XE25
ESP	.	XE25
AUT	.	XE25
58	.	XE25
FRA	.	XE25
DEU	.	XE25
NLD	.	XE25
BGR	.	XER
ROU	.	XER
PRK	.	XSE
MNG	.	XSE
BLR	.	CIS
UKR	.	CIS
HRV	.	XER
XCI	.	CIS
XER	.	XER
XYU	.	XER
CSXX	.	XER
NOR	.	XER
CHE	.	XER
XENI	.	XER
XCA	.	XLM
CUB	.	XLM
DOM	.	XLM
CRI	.	XLM
SLV	.	XLM
GTM	.	XLM
PAN	.	XLM
XSM	.	XLM
CHL	.	XLM
COL	.	XLM
ECU	.	XLM
PER	.	XLM
URY	.	XLM
VEN	.	XLM
IRN	.	XME
XME	.	XME
IRQ	.	XME
ISR	.	XME
KWT	.	XME
LBN	.	XME
OMN	.	XME
QAT	.	XME
SAU	.	XME
SYR	.	XME
ARE	.	XME
YEM	.	XME
XOC	.	XSA
XSA	.	XSA
XSE	.	XSE
ZAF	.	XAF
TWN	.	XSE
SUHH	.	CIS
CSHH	.	XE25
890	.	XER
